Flutter crash report.
Please report a bug at https://github.com/flutter/flutter/issues.

## command

flutter analyze --no-pub

## exception

_Exception: Exception: analysis server exited with code 255 and output:
[stderr] #24     AnalysisServer.handleAnalysisEvent (package:analysis_server/src/analysis_server.dart:813:34)
[stderr] #25     _rootRunUnary (dart:async/zone.dart:1538:47)
[stderr] #26     _CustomZone.runUnary (dart:async/zone.dart:1429:19)
[stderr] #27     _CustomZone.runUnaryGuarded (dart:async/zone.dart:1329:7)
[stderr] #28     _BufferingStreamSubscription._sendData (dart:async/stream_impl.dart:381:11)
[stderr] #29     _DelayedData.perform (dart:async/stream_impl.dart:573:14)
[stderr] #30     _PendingEvents.handleNext (dart:async/stream_impl.dart:678:11)
[stderr] #31     _PendingEvents.schedule.<anonymous closure> (dart:async/stream_impl.dart:649:7)
[stderr] #32     _rootRun (dart:async/zone.dart:1517:47)
[stderr] #33     _CustomZone.run (dart:async/zone.dart:1422:19)
[stderr] #34     _CustomZone.runGuarded (dart:async/zone.dart:1321:7)
[stderr] #35     _CustomZone.bindCallbackGuarded.<anonymous closure> (dart:async/zone.dart:1362:23)
[stderr] #36     _rootRun (dart:async/zone.dart:1525:13)
[stderr] #37     _CustomZone.run (dart:async/zone.dart:1422:19)
[stderr] #38     _CustomZone.runGuarded (dart:async/zone.dart:1321:7)
[stderr] #39     _CustomZone.bindCallbackGuarded.<anonymous closure> (dart:async/zone.dart:1362:23)
[stderr] #40     _microtaskLoop (dart:async/schedule_microtask.dart:40:35)
[stderr] #41     _startMicrotaskLoop (dart:async/schedule_microtask.dart:49:5)
[stderr] #42     _runPendingImmediateCallback (dart:isolate-patch/isolate_patch.dart:127:13)
[stderr] #43     _RawReceivePort._handleMessage (dart:isolate-patch/isolate_patch.dart:194:5)

```
```

## flutter doctor

```
[!] Flutter (Channel stable, 3.38.7, on Microsoft Windows [Version 10.0.26200.8246], locale en-GB) [848ms]
    • Flutter version 3.38.7 on channel stable at C:\Users\mathi\flutter
    ! The flutter binary is not on your path. Consider adding C:\Users\mathi\flutter\bin to your path.
    ! The dart binary is not on your path. Consider adding C:\Users\mathi\flutter\bin to your path.
    • Upstream repository https://github.com/flutter/flutter.git
    • Framework revision 3b62efc2a3 (4 months ago), 2026-01-13 13:47:42 -0800
    • Engine revision 78fc3012e4
    • Dart version 3.10.7
    • DevTools version 2.51.1
    • Feature flags: enable-web, enable-linux-desktop, enable-macos-desktop, enable-windows-desktop, enable-android, enable-ios, cli-animations, enable-native-assets, omit-legacy-version-file, enable-lldb-debugging
    • If those were intentional, you can disregard the above warnings; however it is recommended to use "git" directly to perform update checks and upgrades.

[✓] Windows Version (11 Home 64-bit, 25H2, 2009) [4.1s]

[✓] Android toolchain - develop for Android devices (Android SDK version 36.0.0) [8.1s]
    • Android SDK at C:\Users\mathi\AppData\Local\Android\sdk
    • Emulator version 35.2.10.0 (build_id 12414864) (CL:N/A)
    • Platform android-36, build-tools 36.0.0
    • Java binary at: C:\Program Files\Android\Android Studio\jbr\bin\java
      This is the JDK bundled with the latest Android Studio installation on this machine.
      To manually set the JDK path, use: `flutter config --jdk-dir="path/to/jdk"`.
    • Java version OpenJDK Runtime Environment (build 21.0.3+-12282718-b509.11)
    • All Android licenses accepted.

[✗] Chrome - develop for the web (Cannot find Chrome executable at .\Google\Chrome\Application\chrome.exe) [251ms]
    ! Cannot find Chrome. Try setting CHROME_EXECUTABLE to a Chrome executable.

[✓] Visual Studio - develop Windows apps (Visual Studio Community 2022 17.14.16) [248ms]
    • Visual Studio at C:\Program Files\Microsoft Visual Studio\2022\Community
    • Visual Studio Community 2022 version 17.14.36518.9
    • Windows 10 SDK version 10.0.26100.0

[✓] Connected device (3 available) [1,788ms]
    • Pixel 7 (mobile)  • 29081FDH200BGW • android-arm64  • Android 16 (API 36)
    • Windows (desktop) • windows        • windows-x64    • Microsoft Windows [Version 10.0.26200.8246]
    • Edge (web)        • edge           • web-javascript • Microsoft Edge 147.0.3912.86

[✓] Network resources [501ms]
    • All expected network resources are available.

! Doctor found issues in 2 categories.
```
