#
# There is insufficient memory for the Java Runtime Environment to continue.
# Native memory allocation (mmap) failed to map 255852544 bytes. Error detail: G1 virtual space
# Possible reasons:
#   The system is out of physical RAM or swap space
#   This process is running with CompressedOops enabled, and the Java Heap may be blocking the growth of the native heap
# Possible solutions:
#   Reduce memory load on the system
#   Increase physical memory or swap space
#   Check if swap backing store is full
#   Decrease Java heap size (-Xmx/-Xms)
#   Decrease number of Java threads
#   Decrease Java thread stack sizes (-Xss)
#   Set larger code cache with -XX:ReservedCodeCacheSize=
#   JVM is running with Zero Based Compressed Oops mode in which the Java heap is
#     placed in the first 32GB address space. The Java Heap base address is the
#     maximum limit for the native heap growth. Please use -XX:HeapBaseMinAddress
#     to set the Java Heap base and to place the Java Heap above 32GB virtual address.
# This output file may be truncated or incomplete.
#
#  Out of Memory Error (os_windows.cpp:3815), pid=21452, tid=27352
#
# JRE version:  (21.0.3) (build )
# Java VM: OpenJDK 64-Bit Server VM (21.0.3+-12282718-b509.11, mixed mode, sharing, tiered, compressed oops, compressed class ptrs, g1 gc, windows-amd64)
# No core dump will be written. Minidumps are not enabled by default on client versions of Windows
#

---------------  S U M M A R Y ------------

Command Line: 

Host: AMD Ryzen 5 7520U with Radeon Graphics         , 8 cores, 15G,  Windows 11 , 64 bit Build 26100 (10.0.26100.8328)
Time: Mon May 18 23:28:37 2026 Romance Summer Time elapsed time: 0.040166 seconds (0d 0h 0m 0s)

---------------  T H R E A D  ---------------

Current thread (0x000001f4b6c0f550):  JavaThread "Unknown thread" [_thread_in_vm, id=27352, stack(0x000000c2bfe00000,0x000000c2bff00000) (1024K)]

Stack: [0x000000c2bfe00000,0x000000c2bff00000]
Native frames: (J=compiled Java code, j=interpreted, Vv=VM code, C=native code)
V  [jvm.dll+0x6cafb9]
V  [jvm.dll+0x858523]
V  [jvm.dll+0x85aa7e]
V  [jvm.dll+0x85b163]
V  [jvm.dll+0x27d356]
V  [jvm.dll+0x6c7865]
V  [jvm.dll+0x6bbd3a]
V  [jvm.dll+0x35199b]
V  [jvm.dll+0x3595d6]
V  [jvm.dll+0x3aa826]
V  [jvm.dll+0x3aaaf8]
V  [jvm.dll+0x3240bc]
V  [jvm.dll+0x324dab]
V  [jvm.dll+0x81fd89]
V  [jvm.dll+0x3b7c08]
V  [jvm.dll+0x80921d]
V  [jvm.dll+0x44c05e]
V  [jvm.dll+0x44d6b1]
C  [jli.dll+0x52ab]
C  [ucrtbase.dll+0x37b0]
C  [KERNEL32.DLL+0x2e957]
C  [ntdll.dll+0x427c]


---------------  P R O C E S S  ---------------

Threads class SMR info:
_java_thread_list=0x00007ff8579957c8, length=0, elements={
}

Java Threads: ( => current thread )
Total: 0

Other Threads:
  0x000001f4b6c705d0 WorkerThread "GC Thread#0"                     [id=28560, stack(0x000000c2bff00000,0x000000c2c0000000) (1024K)]
  0x000001f4b6c816c0 ConcurrentGCThread "G1 Main Marker"            [id=23148, stack(0x000000c2c0000000,0x000000c2c0100000) (1024K)]
  0x000001f4b6c820c0 WorkerThread "G1 Conc#0"                       [id=11216, stack(0x000000c2c0100000,0x000000c2c0200000) (1024K)]

[error occurred during error reporting (printing all threads), id 0xc0000005, EXCEPTION_ACCESS_VIOLATION (0xc0000005) at pc=0x00007ff857197197]
VM state: not at safepoint (not fully initialized)

VM Mutex/Monitor currently owned by a thread:  ([mutex/lock_event])
[0x00007ff857a021c8] Heap_lock - owner thread: 0x000001f4b6c0f550

Heap address: 0x000000070c200000, size: 3902 MB, Compressed Oops mode: Zero based, Oop shift amount: 3

CDS archive(s) mapped at: [0x0000000000000000-0x0000000000000000-0x0000000000000000), size 0, SharedBaseAddress: 0x0000000800000000, ArchiveRelocationMode: 1.
Narrow klass base: 0x0000000000000000, Narrow klass shift: 0, Narrow klass range: 0x0

GC Precious Log:
 CardTable entry size: 512
 Card Set container configuration: InlinePtr #cards 4 size 8 Array Of Cards #cards 16 size 48 Howl #buckets 8 coarsen threshold 3686 Howl Bitmap #cards 512 size 80 coarsen threshold 460 Card regions per heap region 1 cards per card region 4096

Heap:
 garbage-first heap   total 0K, used 0K [0x000000070c200000, 0x0000000800000000)
  region size 2048K, 0 young (0K), 0 survivors (0K)
 Metaspace       used 0K, committed 0K, reserved 0K
  class space    used 0K, committed 0K, reserved 0K

Heap Regions: E=young(eden), S=young(survivor), O=old, HS=humongous(starts), HC=humongous(continues), CS=collection set, F=free, TAMS=top-at-mark-start, PB=parsable bottom

Card table byte_map: [0x000001f4cb590000,0x000001f4cbd30000] _byte_map_base: 0x000001f4c7d2f000

Marking Bits: (CMBitMap*) 0x000001f4b6c70bd0
 Bits: [0x000001f4cbd30000, 0x000001f4cfa28000)

GC Heap History (0 events):
No events

Dll operation events (1 events):
Event: 0.019 Loaded shared library C:\Program Files\Android\Android Studio\jbr\bin\java.dll

Deoptimization events (0 events):
No events

Classes loaded (0 events):
No events

Classes unloaded (0 events):
No events

Classes redefined (0 events):
No events

Internal exceptions (0 events):
No events

ZGC Phase Switch (0 events):
No events

VM Operations (0 events):
No events

Events (0 events):
No events


Dynamic libraries:
0x00007ff6ccb20000 - 0x00007ff6ccb2a000 	C:\Program Files\Android\Android Studio\jbr\bin\java.EXE
0x00007ff9322c0000 - 0x00007ff932527000 	C:\WINDOWS\SYSTEM32\ntdll.dll
0x00007ff930960000 - 0x00007ff930a29000 	C:\WINDOWS\System32\KERNEL32.DLL
0x00007ff92fb60000 - 0x00007ff92ff57000 	C:\WINDOWS\System32\KERNELBASE.dll
0x00007ff92ef20000 - 0x00007ff92f06b000 	C:\WINDOWS\System32\ucrtbase.dll
0x00007ff8d43c0000 - 0x00007ff8d43db000 	C:\Program Files\Android\Android Studio\jbr\bin\VCRUNTIME140.dll
0x00007ff8d39f0000 - 0x00007ff8d3a08000 	C:\Program Files\Android\Android Studio\jbr\bin\jli.dll
0x00007ff930790000 - 0x00007ff930956000 	C:\WINDOWS\System32\USER32.dll
0x00007ff91ce60000 - 0x00007ff91d0f2000 	C:\WINDOWS\WinSxS\amd64_microsoft.windows.common-controls_6595b64144ccf1df_6.0.26100.8457_none_3e0b2faee331e92d\COMCTL32.dll
0x00007ff930010000 - 0x00007ff930037000 	C:\WINDOWS\System32\win32u.dll
0x00007ff931930000 - 0x00007ff9319d9000 	C:\WINDOWS\System32\msvcrt.dll
0x00007ff931460000 - 0x00007ff93148b000 	C:\WINDOWS\System32\GDI32.dll
0x00007ff92f070000 - 0x00007ff92f19c000 	C:\WINDOWS\System32\gdi32full.dll
0x00007ff92ff60000 - 0x00007ff930003000 	C:\WINDOWS\System32\msvcp_win.dll
0x00007ff932230000 - 0x00007ff932262000 	C:\WINDOWS\System32\IMM32.DLL
0x00007ff90da70000 - 0x00007ff90da7c000 	C:\Program Files\Android\Android Studio\jbr\bin\vcruntime140_1.dll
0x00007ff891b80000 - 0x00007ff891c0d000 	C:\Program Files\Android\Android Studio\jbr\bin\msvcp140.dll
0x00007ff856e60000 - 0x00007ff857add000 	C:\Program Files\Android\Android Studio\jbr\bin\server\jvm.dll
0x00007ff930b50000 - 0x00007ff930c06000 	C:\WINDOWS\System32\ADVAPI32.dll
0x00007ff932180000 - 0x00007ff932227000 	C:\WINDOWS\System32\sechost.dll
0x00007ff930a30000 - 0x00007ff930b48000 	C:\WINDOWS\System32\RPCRT4.dll
0x00007ff930cf0000 - 0x00007ff930d70000 	C:\WINDOWS\System32\WS2_32.dll
0x00007ff92eb50000 - 0x00007ff92ebae000 	C:\WINDOWS\SYSTEM32\POWRPROF.dll
0x00007ff922d90000 - 0x00007ff922d9b000 	C:\WINDOWS\SYSTEM32\VERSION.dll
0x00007ff926420000 - 0x00007ff926456000 	C:\WINDOWS\SYSTEM32\WINMM.dll
0x00007ff92eb30000 - 0x00007ff92eb44000 	C:\WINDOWS\SYSTEM32\UMPDC.dll
0x00007ff92da80000 - 0x00007ff92da9b000 	C:\WINDOWS\SYSTEM32\kernel.appcore.dll
0x00007ff8f9cf0000 - 0x00007ff8f9cfa000 	C:\Program Files\Android\Android Studio\jbr\bin\jimage.dll
0x00007ff921390000 - 0x00007ff9215d2000 	C:\WINDOWS\SYSTEM32\DBGHELP.DLL
0x00007ff930d80000 - 0x00007ff931103000 	C:\WINDOWS\System32\combase.dll
0x00007ff9311e0000 - 0x00007ff9312b9000 	C:\WINDOWS\System32\OLEAUT32.dll
0x00007ff90b070000 - 0x00007ff90b0ab000 	C:\WINDOWS\SYSTEM32\dbgcore.DLL
0x00007ff92ee70000 - 0x00007ff92ef18000 	C:\WINDOWS\System32\bcryptPrimitives.dll
0x00007ff8d37a0000 - 0x00007ff8d37bf000 	C:\Program Files\Android\Android Studio\jbr\bin\java.dll

dbghelp: loaded successfully - version: 4.0.5 - missing functions: none
symbol engine: initialized successfully - sym options: 0x614 - pdb path: .;C:\Program Files\Android\Android Studio\jbr\bin;C:\WINDOWS\SYSTEM32;C:\WINDOWS\WinSxS\amd64_microsoft.windows.common-controls_6595b64144ccf1df_6.0.26100.8457_none_3e0b2faee331e92d;C:\Program Files\Android\Android Studio\jbr\bin\server

VM Arguments:
java_command: <unknown>
java_class_path (initial): <not set>
Launcher Type: SUN_STANDARD

[Global flags]
     intx CICompilerCount                          = 4                                         {product} {ergonomic}
     uint ConcGCThreads                            = 2                                         {product} {ergonomic}
     uint G1ConcRefinementThreads                  = 8                                         {product} {ergonomic}
   size_t G1HeapRegionSize                         = 2097152                                   {product} {ergonomic}
    uintx GCDrainStackTargetSize                   = 64                                        {product} {ergonomic}
   size_t InitialHeapSize                          = 255852544                                 {product} {ergonomic}
   size_t MarkStackSize                            = 4194304                                   {product} {ergonomic}
   size_t MaxHeapSize                              = 4091543552                                {product} {ergonomic}
   size_t MinHeapDeltaBytes                        = 2097152                                   {product} {ergonomic}
   size_t MinHeapSize                              = 8388608                                   {product} {ergonomic}
    uintx NonNMethodCodeHeapSize                   = 5839372                                {pd product} {ergonomic}
    uintx NonProfiledCodeHeapSize                  = 122909434                              {pd product} {ergonomic}
    uintx ProfiledCodeHeapSize                     = 122909434                              {pd product} {ergonomic}
    uintx ReservedCodeCacheSize                    = 251658240                              {pd product} {ergonomic}
     bool SegmentedCodeCache                       = true                                      {product} {ergonomic}
   size_t SoftMaxHeapSize                          = 4091543552                             {manageable} {ergonomic}
     bool UseCompressedOops                        = true                           {product lp64_product} {ergonomic}
     bool UseG1GC                                  = true                                      {product} {ergonomic}
     bool UseLargePagesIndividualAllocation        = false                                  {pd product} {ergonomic}

Logging:
Log output configuration:
 #0: stdout all=warning uptime,level,tags foldmultilines=false
 #1: stderr all=off uptime,level,tags foldmultilines=false

Environment Variables:
PATH=C:\Users\mathi\bin;C:\Program Files\Git\mingw64\bin;C:\Program Files\Git\usr\local\bin;C:\Program Files\Git\usr\bin;C:\Program Files\Git\usr\bin;C:\Program Files\Git\mingw64\bin;C:\Program Files\Git\usr\bin;C:\Users\mathi\bin;C:\Users\mathi\AppData\Local\Programs\Microsoft VS Code;C:\Program Files (x86)\Common Files\Intel\Shared Libraries\redist\intel64\compiler;C:\Program Files\Common Files\Oracle\Java\javapath;C:\Python311\Scripts;C:\Python311;C:\WINDOWS\system32;C:\WINDOWS;C:\WINDOWS\System32\Wbem;C:\WINDOWS\System32\WindowsPowerShell\v1.0;C:\WINDOWS\System32\OpenSSH;C:\Program Files (x86)\NoteBook FanControl;C:\Program Files\Git\cmd;C:\ProgramData\chocolatey\bin;C:\Program Files\dotnet;C:\Program Files\Filestar;C:\ProgramData\Filestar\aliases;C:\Program Files\Java\jdk-21\bin;C:\Program Files\nodejs;C:\Program Files (x86)\GtkSharp\2.12\bin;C:\Program Files\Go\bin;C:\Program Files\PuTTY;C:\Program Files\Docker\Docker\resources\bin;C:\Program Files (x86)\Windows Kits\10\Windows Performance Toolkit;C:\Program Files\GitHub CLI;C:\Users\mathi\.cargo\bin;$($env;PATH);C:\Users\mathi\AppData\Roaming\npm;C:\Users\mathi\.local\bin;C:\Users\mathi\.lmstudio\bin;C:\Users\mathi\AppData\Local\Programs\Microsoft VS Code\bin;C:\Users\mathi\AppData\Local\Programs\Antigravity\bin;C:\Users\mathi\.bun\bin;C:\Users\mathi\AppData\Local\GitHubDesktop\bin;C:\Program Files\Git\usr\bin\vendor_perl;C:\Program Files\Git\usr\bin\core_perl
USERNAME=mathi
SHELL=C:\Program Files\Git\usr\bin\bash.exe
DISPLAY=needs-to-be-defined
LANG=en_GB.UTF-8
TERM=xterm-256color
TMPDIR=C:\Users\mathi\AppData\Local\Temp
OS=MINGW64_NT-10.0-26200
PROCESSOR_IDENTIFIER=AMD64 Family 23 Model 160 Stepping 0, AuthenticAMD
TMP=C:\Users\mathi\AppData\Local\Temp
TEMP=C:\Users\mathi\AppData\Local\Temp




Periodic native trim disabled

JNI global refs:
JNI global refs: 0, weak refs: 0

JNI global refs memory usage: 0, weak refs: 0

Process memory usage:
Resident Set Size: 13120K (0% of 15979772K total physical memory with 1097200K free physical memory)

OOME stack traces (most recent first):
Classloader memory used:

---------------  S Y S T E M  ---------------

OS:
 Windows 11 , 64 bit Build 26100 (10.0.26100.8328)
OS uptime: 1 days 3:44 hours
Hyper-V role detected

CPU: total 8 (initial active 8) (8 cores per cpu, 2 threads per core) family 23 model 160 stepping 0 microcode 0x8a00006, cx8, cmov, fxsr, ht, mmx, 3dnowpref, sse, sse2, sse3, ssse3, sse4a, sse4.1, sse4.2, popcnt, lzcnt, tsc, tscinvbit, avx, avx2, aes, clmul, bmi1, bmi2, adx, sha, fma, vzeroupper, clflush, clflushopt, hv, rdtscp, rdpid, f16c
Processor Information for processor 0
  Max Mhz: 2801, Current Mhz: 2483, Mhz Limit: 2801
Processor Information for processor 1
  Max Mhz: 2801, Current Mhz: 2483, Mhz Limit: 2801
Processor Information for processor 2
  Max Mhz: 2801, Current Mhz: 2483, Mhz Limit: 2801
Processor Information for processor 3
  Max Mhz: 2801, Current Mhz: 2483, Mhz Limit: 2801
Processor Information for processor 4
  Max Mhz: 2801, Current Mhz: 2483, Mhz Limit: 2801
Processor Information for processor 5
  Max Mhz: 2801, Current Mhz: 1981, Mhz Limit: 2801
Processor Information for processor 6
  Max Mhz: 2801, Current Mhz: 2483, Mhz Limit: 2801
Processor Information for processor 7
  Max Mhz: 2801, Current Mhz: 2483, Mhz Limit: 2801

Memory: 4k page, system-wide physical 15605M (1071M free)
TotalPageFile size 31498M (AvailPageFile size 49M)
current process WorkingSet (physical memory assigned to process): 12M, peak: 12M
current process commit charge ("private bytes"): 60M, peak: 304M

vm_info: OpenJDK 64-Bit Server VM (21.0.3+-12282718-b509.11) for windows-amd64 JRE (21.0.3+-12282718-b509.11), built on 2024-08-27T17:34:15Z by "builder" with MS VC++ 16.10 / 16.11 (VS2019)

END.
